###############################################################################
#
# IAR ELF Linker V7.70.1.11437/W32 for ARM                01/Apr/2018  18:18:25
# Copyright 2007-2016 IAR Systems AB.
#
#    Output file  =  
#        D:\信标对抗2018\山外k60\代码\102信标小车2\Prj\IAR\FX15_Release\Exe\vcan_Kinetis.out
#    Map file     =  
#        D:\信标对抗2018\山外k60\代码\102信标小车2\Prj\IAR\FX15_Release\List\vcan_Kinetis.map
#    Command line =  
#        D:\信标对抗2018\山外k60\代码\102信标小车2\Prj\IAR\FX15_Release\Obj\DifSpeed.o
#        D:\信标对抗2018\山外k60\代码\102信标小车2\Prj\IAR\FX15_Release\Obj\diskio.o
#        D:\信标对抗2018\山外k60\代码\102信标小车2\Prj\IAR\FX15_Release\Obj\Encoder.o
#        D:\信标对抗2018\山外k60\代码\102信标小车2\Prj\IAR\FX15_Release\Obj\ff.o
#        D:\信标对抗2018\山外k60\代码\102信标小车2\Prj\IAR\FX15_Release\Obj\main.o
#        D:\信标对抗2018\山外k60\代码\102信标小车2\Prj\IAR\FX15_Release\Obj\misc.o
#        D:\信标对抗2018\山外k60\代码\102信标小车2\Prj\IAR\FX15_Release\Obj\MK60_adc.o
#        D:\信标对抗2018\山外k60\代码\102信标小车2\Prj\IAR\FX15_Release\Obj\MK60_can.o
#        D:\信标对抗2018\山外k60\代码\102信标小车2\Prj\IAR\FX15_Release\Obj\MK60_conf.o
#        D:\信标对抗2018\山外k60\代码\102信标小车2\Prj\IAR\FX15_Release\Obj\MK60_dac.o
#        D:\信标对抗2018\山外k60\代码\102信标小车2\Prj\IAR\FX15_Release\Obj\MK60_dma.o
#        D:\信标对抗2018\山外k60\代码\102信标小车2\Prj\IAR\FX15_Release\Obj\MK60_DWT.o
#        D:\信标对抗2018\山外k60\代码\102信标小车2\Prj\IAR\FX15_Release\Obj\MK60_flash.o
#        D:\信标对抗2018\山外k60\代码\102信标小车2\Prj\IAR\FX15_Release\Obj\MK60_flexbus.o
#        D:\信标对抗2018\山外k60\代码\102信标小车2\Prj\IAR\FX15_Release\Obj\MK60_ftm.o
#        D:\信标对抗2018\山外k60\代码\102信标小车2\Prj\IAR\FX15_Release\Obj\MK60_gpio.o
#        D:\信标对抗2018\山外k60\代码\102信标小车2\Prj\IAR\FX15_Release\Obj\MK60_i2c.o
#        D:\信标对抗2018\山外k60\代码\102信标小车2\Prj\IAR\FX15_Release\Obj\MK60_it.o
#        D:\信标对抗2018\山外k60\代码\102信标小车2\Prj\IAR\FX15_Release\Obj\MK60_lptmr.o
#        D:\信标对抗2018\山外k60\代码\102信标小车2\Prj\IAR\FX15_Release\Obj\MK60_mcg.o
#        D:\信标对抗2018\山外k60\代码\102信标小车2\Prj\IAR\FX15_Release\Obj\MK60_PIT.o
#        D:\信标对抗2018\山外k60\代码\102信标小车2\Prj\IAR\FX15_Release\Obj\MK60_port.o
#        D:\信标对抗2018\山外k60\代码\102信标小车2\Prj\IAR\FX15_Release\Obj\MK60_rtc.o
#        D:\信标对抗2018\山外k60\代码\102信标小车2\Prj\IAR\FX15_Release\Obj\MK60_sdhc.o
#        D:\信标对抗2018\山外k60\代码\102信标小车2\Prj\IAR\FX15_Release\Obj\MK60_spi.o
#        D:\信标对抗2018\山外k60\代码\102信标小车2\Prj\IAR\FX15_Release\Obj\MK60_SysTick.o
#        D:\信标对抗2018\山外k60\代码\102信标小车2\Prj\IAR\FX15_Release\Obj\MK60_uart.o
#        D:\信标对抗2018\山外k60\代码\102信标小车2\Prj\IAR\FX15_Release\Obj\MK60_usb.o
#        D:\信标对抗2018\山外k60\代码\102信标小车2\Prj\IAR\FX15_Release\Obj\MK60_wdog.o
#        D:\信标对抗2018\山外k60\代码\102信标小车2\Prj\IAR\FX15_Release\Obj\Motor.o
#        D:\信标对抗2018\山外k60\代码\102信标小车2\Prj\IAR\FX15_Release\Obj\mpu6050.o
#        D:\信标对抗2018\山外k60\代码\102信标小车2\Prj\IAR\FX15_Release\Obj\screen.o
#        D:\信标对抗2018\山外k60\代码\102信标小车2\Prj\IAR\FX15_Release\Obj\startup_MK60DZ10.o
#        D:\信标对抗2018\山外k60\代码\102信标小车2\Prj\IAR\FX15_Release\Obj\Steering.o
#        D:\信标对抗2018\山外k60\代码\102信标小车2\Prj\IAR\FX15_Release\Obj\system_MK60DZ10.o
#        D:\信标对抗2018\山外k60\代码\102信标小车2\Prj\IAR\FX15_Release\Obj\Ultrasonic.o
#        D:\信标对抗2018\山外k60\代码\102信标小车2\Prj\IAR\FX15_Release\Obj\USB.o
#        D:\信标对抗2018\山外k60\代码\102信标小车2\Prj\IAR\FX15_Release\Obj\USB_CDC.o
#        D:\信标对抗2018\山外k60\代码\102信标小车2\Prj\IAR\FX15_Release\Obj\VCAN_ASCII.o
#        D:\信标对抗2018\山外k60\代码\102信标小车2\Prj\IAR\FX15_Release\Obj\VCAN_BMP.o
#        D:\信标对抗2018\山外k60\代码\102信标小车2\Prj\IAR\FX15_Release\Obj\VCAN_camera.o
#        D:\信标对抗2018\山外k60\代码\102信标小车2\Prj\IAR\FX15_Release\Obj\VCAN_computer.o
#        D:\信标对抗2018\山外k60\代码\102信标小车2\Prj\IAR\FX15_Release\Obj\vcan_img2sd.o
#        D:\信标对抗2018\山外k60\代码\102信标小车2\Prj\IAR\FX15_Release\Obj\VCAN_key.o
#        D:\信标对抗2018\山外k60\代码\102信标小车2\Prj\IAR\FX15_Release\Obj\VCAN_key_event.o
#        D:\信标对抗2018\山外k60\代码\102信标小车2\Prj\IAR\FX15_Release\Obj\VCAN_LCD.o
#        D:\信标对抗2018\山外k60\代码\102信标小车2\Prj\IAR\FX15_Release\Obj\VCAN_LCD_CH.o
#        D:\信标对抗2018\山外k60\代码\102信标小车2\Prj\IAR\FX15_Release\Obj\VCAN_LCD_ILI9325.o
#        D:\信标对抗2018\山外k60\代码\102信标小车2\Prj\IAR\FX15_Release\Obj\VCAN_LCD_ILI9341.o
#        D:\信标对抗2018\山外k60\代码\102信标小车2\Prj\IAR\FX15_Release\Obj\VCAN_LCD_ST7735R.o
#        D:\信标对抗2018\山外k60\代码\102信标小车2\Prj\IAR\FX15_Release\Obj\VCAN_LCD_ST7735S.o
#        D:\信标对抗2018\山外k60\代码\102信标小车2\Prj\IAR\FX15_Release\Obj\VCAN_LED.o
#        D:\信标对抗2018\山外k60\代码\102信标小车2\Prj\IAR\FX15_Release\Obj\VCAN_MMA7455.o
#        D:\信标对抗2018\山外k60\代码\102信标小车2\Prj\IAR\FX15_Release\Obj\VCAN_NRF24L0.o
#        D:\信标对抗2018\山外k60\代码\102信标小车2\Prj\IAR\FX15_Release\Obj\VCAN_NRF24L0_MSG.o
#        D:\信标对抗2018\山外k60\代码\102信标小车2\Prj\IAR\FX15_Release\Obj\VCAN_OV7725_Eagle.o
#        D:\信标对抗2018\山外k60\代码\102信标小车2\Prj\IAR\FX15_Release\Obj\VCAN_OV7725_Wolf.o
#        D:\信标对抗2018\山外k60\代码\102信标小车2\Prj\IAR\FX15_Release\Obj\VCAN_RTC_count.o
#        D:\信标对抗2018\山外k60\代码\102信标小车2\Prj\IAR\FX15_Release\Obj\VCAN_SCCB.o
#        D:\信标对抗2018\山外k60\代码\102信标小车2\Prj\IAR\FX15_Release\Obj\vcan_sd_app.o
#        D:\信标对抗2018\山外k60\代码\102信标小车2\Prj\IAR\FX15_Release\Obj\Vcan_touch.o
#        D:\信标对抗2018\山外k60\代码\102信标小车2\Prj\IAR\FX15_Release\Obj\VCAN_TSL1401.o
#        D:\信标对抗2018\山外k60\代码\102信标小车2\Prj\IAR\FX15_Release\Obj\VCAN_UI_VAR.o
#        D:\信标对抗2018\山外k60\代码\102信标小车2\Prj\IAR\FX15_Release\Obj\vectors.o
#        --redirect _Printf=_PrintfLargeNoMb --redirect _Scanf=_ScanfLargeNoMb
#        -o
#        D:\信标对抗2018\山外k60\代码\102信标小车2\Prj\IAR\FX15_Release\Exe\vcan_Kinetis.out
#        --map
#        D:\信标对抗2018\山外k60\代码\102信标小车2\Prj\IAR\FX15_Release\List\vcan_Kinetis.map
#        --config "D:\信标对抗2018\山外k60\代码\102信标小车2\Prj\IAR\config
#        files\vcan_ROM_K60N512.icf"
#        D:\信标对抗2018\山外k60\代码\102信标小车2\Prj\IAR\..\..\Lib\CMSIS\iar_cortexM4l_math.a
#        --entry __iar_program_start --redirect __write=__write_buffered
#        --inline --vfe
#
###############################################################################

*******************************************************************************
*** RUNTIME MODEL ATTRIBUTES
***

CppFlavor       = *
__SystemLibrary = DLib


*******************************************************************************
*** PLACEMENT SUMMARY
***

"A0":  place at 0x00000000 { ro section .intvec };
"A1":  place at 0x00000410 { ro section .noinit };
"P1":  place in [from 0x00000000 to 0x00080000] { ro, block CodeRelocate };
"P2":  place in [from 0x1fff0410 to 0x20010000] {
          rw, block CodeRelocateRam, block CSTACK, block HEAP };
initialize manually with packing = copy, complex ranges { section .data };
initialize manually with packing = copy, complex ranges { section .textrw };

  Section              Kind        Address    Size  Object
  -------              ----        -------    ----  ------
"A0":                                        0x410
  .intvec              const    0x00000000   0x410  vectors.o [1]
                              - 0x00000410   0x410

"A1":                                          0x8
  .noinit              ro code  0x00000410     0x8  startup_MK60DZ10.o [1]
                              - 0x00000418     0x8

"P1":                                       0x1978
  .text                ro code  0x00000418   0x438  VCAN_SCCB.o [1]
  .text                ro code  0x00000850    0x98  MK60_gpio.o [1]
  .text                ro code  0x000008e8    0x78  MK60_port.o [1]
  .text                ro code  0x00000960   0x23c  main.o [1]
  .text                ro code  0x00000b9c   0x160  VCAN_OV7725_Eagle.o [1]
  .text                ro code  0x00000cfc    0x70  Motor.o [1]
  .text                ro code  0x00000d6c    0xa8  Steering.o [1]
  .text                ro code  0x00000e14    0x18  misc.o [1]
  .text                ro code  0x00000e2c    0xfc  MK60_PIT.o [1]
  .text                ro code  0x00000f28    0x8a  VCAN_camera.o [1]
  .text                ro code  0x00000fb4    0xac  Ultrasonic.o [1]
  .text                ro code  0x00001060    0x34  MK60_SysTick.o [1]
  .text                ro code  0x00001094   0x1c8  MK60_ftm.o [1]
  .text                ro code  0x0000125c    0xf4  MK60_dma.o [1]
  .text                ro code  0x00001350    0x2e  I32ToFlt.o [4]
  .text                ro code  0x00001380    0xd8  FltMul.o [4]
  .text                ro code  0x00001458    0x84  FltAdd.o [4]
  .text                ro code  0x000014dc    0x24  FltCmpGe.o [4]
  .text                ro code  0x00001500    0x24  FltCmpLe.o [4]
  .text                ro code  0x00001524    0x24  FltToU32.o [4]
  .text                ro code  0x00001548    0xd6  FltSub.o [4]
  Veneer               ro code  0x00001620     0x8  - Linker created -
  .text                ro code  0x00001628   0x1fc  MK60_mcg.o [1]
  .text                ro code  0x00001824   0x158  MK60_uart.o [1]
  .data_init                    0x0000197c   0x12c  <Block>
    Initializer bytes  const    0x0000197c   0x12c  <for .data-1>
  .text                ro code  0x00001aa8    0xd4  system_MK60DZ10.o [1]
  .text                ro code  0x00001b7c    0x2c  MK60_wdog.o [1]
  .text                ro code  0x00001ba8    0x76  ABImemcpy_unaligned.o [5]
  .text                ro code  0x00001c20     0x6  ABImemclr.o [5]
  .text                ro code  0x00001c28    0x5e  ABImemset.o [5]
  CodeRelocate                  0x00001c88    0x48  <Block>
    Initializer bytes  const    0x00001c88    0x48  <for CodeRelocateRam-1>
  .text                ro code  0x00001cd0    0x40  zero_init3.o [5]
  .text                ro code  0x00001d10    0x28  data_init.o [5]
  .iar.init_table      const    0x00001d38    0x10  - Linker created -
  .text                ro code  0x00001d48    0x1a  cmain.o [5]
  .text                ro code  0x00001d62     0x4  exit.o [3]
  .text                ro code  0x00001d68     0xa  cexit.o [5]
  .text                ro code  0x00001d74     0xc  XXexit.o [5]
  .text                ro code  0x00001d80     0xc  cstartup_M.o [5]
  .text                ro code  0x00001d8c     0x4  MK60_conf.o [1]
  .rodata              const    0x00001d90     0x0  zero_init3.o [5]
                              - 0x00001d90  0x1978

"P2", part 1 of 2:                           0x174
  .data                         0x1fff0410   0x12c  <Block>
    .data-1                     0x1fff0410   0x129  <Init block>
      .data            inited   0x1fff0410    0x20  MK60_ftm.o [1]
      .data            inited   0x1fff0430    0x14  MK60_gpio.o [1]
      .data            inited   0x1fff0444    0x58  MK60_mcg.o [1]
      .data            inited   0x1fff049c     0x4  MK60_mcg.o [1]
      .data            inited   0x1fff04a0    0x14  MK60_port.o [1]
      .data            inited   0x1fff04b4    0x18  MK60_uart.o [1]
      .data            inited   0x1fff04cc     0x8  VCAN_OV7725_Eagle.o [1]
      .data            inited   0x1fff04d4    0x65  VCAN_OV7725_Eagle.o [1]
  CodeRelocateRam               0x1fff053c    0x48  <Block>
    CodeRelocateRam-1           0x1fff053c    0x48  <Init block>
      .textrw          inited   0x1fff053c    0x48  MK60_mcg.o [1]
                              - 0x1fff0584   0x174

"P2", part 2 of 2:                          0x1574
  .bss                          0x1fff0584  0x1574  <Block>
    .bss               zero     0x1fff0584  0x151c  main.o [1]
    .bss               zero     0x1fff1aa0     0xc  main.o [1]
    .bss               zero     0x1fff1aac     0x4  Motor.o [1]
    .bss               zero     0x1fff1ab0    0x20  Motor.o [1]
    .bss               zero     0x1fff1ad0    0x1c  Steering.o [1]
    .bss               zero     0x1fff1aec     0xc  system_MK60DZ10.o [1]
                              - 0x1fff1af8  0x1574


*******************************************************************************
*** INIT TABLE
***

          Address     Size
          -------     ----
Zero (__iar_zero_init3)
    1 destination range, total size 0x1574:
          0x1fff0584  0x1574



*******************************************************************************
*** MODULE SUMMARY
***

    Module                 ro code  rw code  ro data  rw data
    ------                 -------  -------  -------  -------
D:\信标对抗2018\山外k60\代码\102信标小车2\Prj\IAR\FX15_Release\Obj: [1]
    MK60_PIT.o                 252
    MK60_SysTick.o              52
    MK60_conf.o                  4
    MK60_dma.o                 244
    MK60_ftm.o                 456                32       32
    MK60_gpio.o                152                20       20
    MK60_mcg.o                 508       72      164       92
    MK60_port.o                120                20       20
    MK60_uart.o                344                24       24
    MK60_wdog.o                 44
    Motor.o                    112                         36
    Steering.o                 168                         28
    Ultrasonic.o               172
    VCAN_OV7725_Eagle.o        352               109      109
    VCAN_SCCB.o              1 080
    VCAN_camera.o              138
    main.o                     572                      5 416
    misc.o                      24
    startup_MK60DZ10.o           8
    system_MK60DZ10.o          212                         12
    vectors.o                                  1 040
    ---------------------------------------------------------
    Total:                   5 014       72    1 409    5 789

command line: [2]
    ---------------------------------------------------------
    Total:

dl7M_tlf.a: [3]
    exit.o                       4
    ---------------------------------------------------------
    Total:                       4

m7M_tl.a: [4]
    FltAdd.o                   132
    FltCmpGe.o                  36
    FltCmpLe.o                  36
    FltMul.o                   216
    FltSub.o                   214
    FltToU32.o                  36
    I32ToFlt.o                  46
    ---------------------------------------------------------
    Total:                     716

rt7M_tl.a: [5]
    ABImemclr.o                  6
    ABImemcpy_unaligned.o      118
    ABImemset.o                 94
    XXexit.o                    12
    cexit.o                     10
    cmain.o                     26
    cstartup_M.o                12
    data_init.o                 40
    zero_init3.o                64
    ---------------------------------------------------------
    Total:                     382

    Gaps                        14
    Linker created               8                19
-------------------------------------------------------------
    Grand Total:             6 138       72    1 428    5 789


*******************************************************************************
*** ENTRY LIST
***

Entry                      Address    Size  Type      Object
-----                      -------    ----  ----      ------
.bss$$Base              0x1fff0584           --   Gb  - Linker created -
.bss$$Limit             0x1fff1af8           --   Gb  - Linker created -
.data$$Base             0x1fff0410           --   Gb  - Linker created -
.data$$Limit            0x1fff053c           --   Gb  - Linker created -
.data_init$$Base        0x0000197c           --   Gb  - Linker created -
.data_init$$Limit       0x00001aa8           --   Gb  - Linker created -
.iar.init_table$$Base   0x00001d38           --   Gb  - Linker created -
.iar.init_table$$Limit  0x00001d48           --   Gb  - Linker created -
?main                   0x00001d49          Code  Gb  cmain.o [5]
CodeRelocate$$Base      0x00001c88           --   Gb  - Linker created -
CodeRelocate$$Limit     0x00001cd0           --   Gb  - Linker created -
CodeRelocateRam$$Base   0x1fff053c           --   Gb  - Linker created -
CodeRelocateRam$$Limit  0x1fff0584           --   Gb  - Linker created -
DMA0_IRQHandler         0x00000a89     0x4  Code  Gb  main.o [1]
FTMN                    0x1fff0410    0x10  Data  Gb  MK60_ftm.o [1]
FTM_port_mux            0x00001095   0x10e  Code  Lc  MK60_ftm.o [1]
Flag_10ms               0x1fff1aa2     0x1  Data  Gb  main.o [1]
Flag_50ms               0x1fff1aa0     0x1  Data  Gb  main.o [1]
Flag_5ms                0x1fff1aa1     0x1  Data  Gb  main.o [1]
GPIOX                   0x1fff0430    0x14  Data  Gb  MK60_gpio.o [1]
Motor_init              0x00000cfd    0x40  Code  Gb  Motor.o [1]
PD_calculation          0x00000d99    0x62  Code  Gb  Steering.o [1]
PD_init                 0x00000d6d    0x1e  Code  Gb  Steering.o [1]
PIT1_IRQHandler         0x00000a8d    0xee  Code  Gb  main.o [1]
PORTA_IRQHandler        0x00000a75    0x14  Code  Gb  main.o [1]
PORTX                   0x1fff04a0    0x14  Data  Gb  MK60_port.o [1]
Region$$Table$$Base     0x00001d38           --   Gb  - Linker created -
Region$$Table$$Limit    0x00001d48           --   Gb  - Linker created -
Reset_Handler           0x00000411          Code  Gb  startup_MK60DZ10.o [1]
SCCB_GPIO_init          0x00000419    0x2a  Code  Gb  VCAN_SCCB.o [1]
SCCB_ReadByte           0x0000066f    0x20  Code  Gb  VCAN_SCCB.o [1]
SCCB_ReadByte_one       0x0000068f   0x1b2  Code  Lc  VCAN_SCCB.o [1]
SCCB_SendByte           0x00000571    0x5a  Code  Lc  VCAN_SCCB.o [1]
SCCB_Start              0x00000443    0x6a  Code  Lc  VCAN_SCCB.o [1]
SCCB_Stop               0x000004ad    0x64  Code  Lc  VCAN_SCCB.o [1]
SCCB_WaitAck            0x00000511    0x60  Code  Lc  VCAN_SCCB.o [1]
SCCB_WriteByte          0x000005cb    0xa4  Code  Gb  VCAN_SCCB.o [1]
SPID                    0x1fff1ab0    0x20  Data  Gb  Motor.o [1]
Steering_init           0x00000d8b     0xe  Code  Gb  Steering.o [1]
UARTN                   0x1fff04b4    0x18  Data  Gb  MK60_uart.o [1]
Ultrasonic              0x00000fb5    0xac  Code  Gb  Ultrasonic.o [1]
__BOOT_STACK_ADDRESS {Abs}
                        0x2000fff8          Data  Gb  command line/config [2]
__VECTOR_RAM {Abs}      0x1fff0000          Data  Gb  command line/config [2]
__VECTOR_TABLE {Abs}    0x00000000          Data  Gb  command line/config [2]
__aeabi_cfcmple         0x00001501          Code  Gb  FltCmpLe.o [4]
__aeabi_cfrcmple        0x000014dd          Code  Gb  FltCmpGe.o [4]
__aeabi_f2uiz           0x00001525          Code  Gb  FltToU32.o [4]
__aeabi_fadd            0x00001459          Code  Gb  FltAdd.o [4]
__aeabi_fmul            0x00001381          Code  Gb  FltMul.o [4]
__aeabi_i2f             0x00001351          Code  Gb  I32ToFlt.o [4]
__aeabi_memclr          0x00001c21          Code  Gb  ABImemclr.o [5]
__cmain                 0x00001d49          Code  Gb  cmain.o [5]
__code_start__ {Abs}    0x00000410          Data  Gb  command line/config [2]
__exit                  0x00001d75          Code  Gb  XXexit.o [5]
__iar_Memset_word       0x00001c29          Code  Gb  ABImemset.o [5]
__iar_data_init3        0x00001d11    0x28  Code  Gb  data_init.o [5]
__iar_fadd              0x00001469          Code  Gb  FltAdd.o [4]
__iar_fsub              0x00001549          Code  Gb  FltSub.o [4]
__iar_fsubStart         0x00001559          Code  Gb  FltSub.o [4]
__iar_program_start     0x00001d81          Code  Gb  cstartup_M.o [5]
__iar_ui2f              0x00001365          Code  Gb  I32ToFlt.o [4]
__iar_unaligned___aeabi_memcpy
                        0x00001ba9          Code  Gb  ABImemcpy_unaligned.o [5]
__iar_unaligned___aeabi_memcpy4
                        0x00001bc9          Code  Gb  ABImemcpy_unaligned.o [5]
__iar_unaligned___aeabi_memcpy8
                        0x00001bc9          Code  Gb  ABImemcpy_unaligned.o [5]
__iar_zero_init3        0x00001cd1    0x40  Code  Gb  zero_init3.o [5]
__vector_table          0x00000000   0x410  Data  Gb  vectors.o [1]
_call_main              0x00001d55          Code  Gb  cmain.o [5]
_exit                   0x00001d69          Code  Gb  cexit.o [5]
_main                   0x00001d5f          Code  Gb  cmain.o [5]
bus_clk_khz             0x1fff1af4     0x4  Data  Gb  system_MK60DZ10.o [1]
common_startup          0x00001b05    0x44  Code  Gb  system_MK60DZ10.o [1]
core_clk_khz            0x1fff1aec     0x4  Data  Gb  system_MK60DZ10.o [1]
core_clk_mhz            0x1fff1af0     0x4  Data  Gb  system_MK60DZ10.o [1]
default_isr             0x00001d8d     0x2  Code  Gb  MK60_conf.o [1]
dma_portx2buff_init     0x0000125d    0xf4  Code  Gb  MK60_dma.o [1]
exit                    0x00001d63     0x4  Code  Gb  exit.o [3]
ftm_mod                 0x1fff0420    0x10  Data  Lc  MK60_ftm.o [1]
ftm_pwm_duty            0x00001221    0x2a  Code  Gb  MK60_ftm.o [1]
ftm_pwm_init            0x000011a3    0x7e  Code  Gb  MK60_ftm.o [1]
gpio_get                0x000008cb    0x16  Code  Gb  MK60_gpio.o [1]
gpio_init               0x00000851    0x42  Code  Gb  MK60_gpio.o [1]
gpio_set                0x00000893    0x22  Code  Gb  MK60_gpio.o [1]
gpio_turn               0x000008b5    0x16  Code  Gb  MK60_gpio.o [1]
img_buf                 0x1fff0584  0x12c0  Data  Gb  main.o [1]
img_extract             0x00000f29    0x86  Code  Gb  VCAN_camera.o [1]
imgbuff                 0x1fff1848   0x258  Data  Gb  main.o [1]
kp                      0x1fff1aac     0x4  Data  Gb  Motor.o [1]
m                       0x1fff1aa8     0x4  Data  Gb  main.o [1]
main                    0x00000961   0x114  Code  Gb  main.o [1]
mcg_cfg                 0x1fff0444    0x58  Data  Gb  MK60_mcg.o [1]
mcg_div                 0x1fff049c     0x4  Data  Gb  MK60_mcg.o [1]
mcg_div_count           0x00001629   0x176  Code  Gb  MK60_mcg.o [1]
mid_3                   0x1fff1aa4     0x4  Data  Gb  main.o [1]
ov7725_eagle_cfgnum     0x1fff0538     0x1  Data  Gb  VCAN_OV7725_Eagle.o [1]
ov7725_eagle_dma        0x00000c87    0x12  Code  Gb  VCAN_OV7725_Eagle.o [1]
ov7725_eagle_get_img    0x00000c99    0x34  Code  Gb  VCAN_OV7725_Eagle.o [1]
ov7725_eagle_img_buff   0x1fff04d0     0x4  Data  Gb  VCAN_OV7725_Eagle.o [1]
ov7725_eagle_img_flag   0x1fff04cc     0x1  Data  Gb  VCAN_OV7725_Eagle.o [1]
ov7725_eagle_init       0x00000b9d    0xac  Code  Gb  VCAN_OV7725_Eagle.o [1]
ov7725_eagle_reg        0x1fff04d4    0x64  Data  Gb  VCAN_OV7725_Eagle.o [1]
ov7725_eagle_vsync      0x00000c49    0x3e  Code  Gb  VCAN_OV7725_Eagle.o [1]
pd_var                  0x1fff1ad0    0x1c  Data  Gb  Steering.o [1]
pit_delay               0x00000e5d    0x4a  Code  Gb  MK60_PIT.o [1]
pit_init                0x00000e2d    0x30  Code  Gb  MK60_PIT.o [1]
pit_time_get            0x00000ee5    0x36  Code  Gb  MK60_PIT.o [1]
pit_time_start          0x00000ea7    0x3e  Code  Gb  MK60_PIT.o [1]
pll_init                0x0000179f    0x7a  Code  Gb  MK60_mcg.o [1]
port_init               0x000008e9    0x30  Code  Gb  MK60_port.o [1]
port_init_NoALT         0x00000919    0x3a  Code  Gb  MK60_port.o [1]
rtdis                   0x1fff1844     0x4  Data  Gb  main.o [1]
set_sys_dividers        0x1fff053d    0x48  Code  Gb  MK60_mcg.o [1]
set_vector_handler      0x00000e1b     0x8  Code  Gb  misc.o [1]
spid_init               0x00000d3d    0x26  Code  Gb  Motor.o [1]
start                   0x00001aa9    0x28  Code  Gb  system_MK60DZ10.o [1]
sysinit                 0x00001ad1    0x34  Code  Gb  system_MK60DZ10.o [1]
systick_delay_ms        0x00001061    0x2a  Code  Gb  MK60_SysTick.o [1]
uart_init               0x00001825   0x148  Code  Gb  MK60_uart.o [1]
wdog_disable            0x00001b7d    0x26  Code  Gb  MK60_wdog.o [1]
write_vtor              0x00000e15     0x6  Code  Gb  misc.o [1]


[1] = D:\信标对抗2018\山外k60\代码\102信标小车2\Prj\IAR\FX15_Release\Obj
[2] = command line
[3] = dl7M_tlf.a
[4] = m7M_tl.a
[5] = rt7M_tl.a

  6 138 bytes of readonly  code memory
     72 bytes of readwrite code memory
  1 428 bytes of readonly  data memory
  5 789 bytes of readwrite data memory

Errors: none
Warnings: none
