###############################################################################
#
# IAR ELF Linker V7.70.1.11437/W32 for ARM                19/May/2018  20:01:38
# Copyright 2007-2016 IAR Systems AB.
#
#    Output file  =  
#        D:\信标对抗2018\山外k60\代码\519信标小车新工程\Prj\IAR\FN15_Release\Exe\vcan_Kinetis.out
#    Map file     =  
#        D:\信标对抗2018\山外k60\代码\519信标小车新工程\Prj\IAR\FN15_Release\List\vcan_Kinetis.map
#    Command line =  
#        D:\信标对抗2018\山外k60\代码\519信标小车新工程\Prj\IAR\FN15_Release\Obj\All_Init.o
#        D:\信标对抗2018\山外k60\代码\519信标小车新工程\Prj\IAR\FN15_Release\Obj\Beacon.o
#        D:\信标对抗2018\山外k60\代码\519信标小车新工程\Prj\IAR\FN15_Release\Obj\DifSpeed.o
#        D:\信标对抗2018\山外k60\代码\519信标小车新工程\Prj\IAR\FN15_Release\Obj\diskio.o
#        D:\信标对抗2018\山外k60\代码\519信标小车新工程\Prj\IAR\FN15_Release\Obj\Encoder.o
#        D:\信标对抗2018\山外k60\代码\519信标小车新工程\Prj\IAR\FN15_Release\Obj\ff.o
#        D:\信标对抗2018\山外k60\代码\519信标小车新工程\Prj\IAR\FN15_Release\Obj\image_processing.o
#        D:\信标对抗2018\山外k60\代码\519信标小车新工程\Prj\IAR\FN15_Release\Obj\InitHandler.o
#        D:\信标对抗2018\山外k60\代码\519信标小车新工程\Prj\IAR\FN15_Release\Obj\KEY.o
#        D:\信标对抗2018\山外k60\代码\519信标小车新工程\Prj\IAR\FN15_Release\Obj\misc.o
#        D:\信标对抗2018\山外k60\代码\519信标小车新工程\Prj\IAR\FN15_Release\Obj\MK60_adc.o
#        D:\信标对抗2018\山外k60\代码\519信标小车新工程\Prj\IAR\FN15_Release\Obj\MK60_can.o
#        D:\信标对抗2018\山外k60\代码\519信标小车新工程\Prj\IAR\FN15_Release\Obj\MK60_conf.o
#        D:\信标对抗2018\山外k60\代码\519信标小车新工程\Prj\IAR\FN15_Release\Obj\MK60_dac.o
#        D:\信标对抗2018\山外k60\代码\519信标小车新工程\Prj\IAR\FN15_Release\Obj\MK60_dma.o
#        D:\信标对抗2018\山外k60\代码\519信标小车新工程\Prj\IAR\FN15_Release\Obj\MK60_DWT.o
#        D:\信标对抗2018\山外k60\代码\519信标小车新工程\Prj\IAR\FN15_Release\Obj\MK60_flash.o
#        D:\信标对抗2018\山外k60\代码\519信标小车新工程\Prj\IAR\FN15_Release\Obj\MK60_flexbus.o
#        D:\信标对抗2018\山外k60\代码\519信标小车新工程\Prj\IAR\FN15_Release\Obj\MK60_ftm.o
#        D:\信标对抗2018\山外k60\代码\519信标小车新工程\Prj\IAR\FN15_Release\Obj\MK60_gpio.o
#        D:\信标对抗2018\山外k60\代码\519信标小车新工程\Prj\IAR\FN15_Release\Obj\MK60_i2c.o
#        D:\信标对抗2018\山外k60\代码\519信标小车新工程\Prj\IAR\FN15_Release\Obj\MK60_it.o
#        D:\信标对抗2018\山外k60\代码\519信标小车新工程\Prj\IAR\FN15_Release\Obj\MK60_lptmr.o
#        D:\信标对抗2018\山外k60\代码\519信标小车新工程\Prj\IAR\FN15_Release\Obj\MK60_mcg.o
#        D:\信标对抗2018\山外k60\代码\519信标小车新工程\Prj\IAR\FN15_Release\Obj\MK60_PIT.o
#        D:\信标对抗2018\山外k60\代码\519信标小车新工程\Prj\IAR\FN15_Release\Obj\MK60_port.o
#        D:\信标对抗2018\山外k60\代码\519信标小车新工程\Prj\IAR\FN15_Release\Obj\MK60_rtc.o
#        D:\信标对抗2018\山外k60\代码\519信标小车新工程\Prj\IAR\FN15_Release\Obj\MK60_sdhc.o
#        D:\信标对抗2018\山外k60\代码\519信标小车新工程\Prj\IAR\FN15_Release\Obj\MK60_spi.o
#        D:\信标对抗2018\山外k60\代码\519信标小车新工程\Prj\IAR\FN15_Release\Obj\MK60_SysTick.o
#        D:\信标对抗2018\山外k60\代码\519信标小车新工程\Prj\IAR\FN15_Release\Obj\MK60_uart.o
#        D:\信标对抗2018\山外k60\代码\519信标小车新工程\Prj\IAR\FN15_Release\Obj\MK60_usb.o
#        D:\信标对抗2018\山外k60\代码\519信标小车新工程\Prj\IAR\FN15_Release\Obj\MK60_wdog.o
#        D:\信标对抗2018\山外k60\代码\519信标小车新工程\Prj\IAR\FN15_Release\Obj\Motor.o
#        D:\信标对抗2018\山外k60\代码\519信标小车新工程\Prj\IAR\FN15_Release\Obj\mpu6050.o
#        D:\信标对抗2018\山外k60\代码\519信标小车新工程\Prj\IAR\FN15_Release\Obj\screen.o
#        D:\信标对抗2018\山外k60\代码\519信标小车新工程\Prj\IAR\FN15_Release\Obj\startup_MK60DZ10.o
#        D:\信标对抗2018\山外k60\代码\519信标小车新工程\Prj\IAR\FN15_Release\Obj\Steering.o
#        D:\信标对抗2018\山外k60\代码\519信标小车新工程\Prj\IAR\FN15_Release\Obj\system_MK60DZ10.o
#        D:\信标对抗2018\山外k60\代码\519信标小车新工程\Prj\IAR\FN15_Release\Obj\Ultrasonic.o
#        D:\信标对抗2018\山外k60\代码\519信标小车新工程\Prj\IAR\FN15_Release\Obj\USB.o
#        D:\信标对抗2018\山外k60\代码\519信标小车新工程\Prj\IAR\FN15_Release\Obj\USB_CDC.o
#        D:\信标对抗2018\山外k60\代码\519信标小车新工程\Prj\IAR\FN15_Release\Obj\VCAN_ASCII.o
#        D:\信标对抗2018\山外k60\代码\519信标小车新工程\Prj\IAR\FN15_Release\Obj\VCAN_BMP.o
#        D:\信标对抗2018\山外k60\代码\519信标小车新工程\Prj\IAR\FN15_Release\Obj\VCAN_camera.o
#        D:\信标对抗2018\山外k60\代码\519信标小车新工程\Prj\IAR\FN15_Release\Obj\VCAN_computer.o
#        D:\信标对抗2018\山外k60\代码\519信标小车新工程\Prj\IAR\FN15_Release\Obj\vcan_img2sd.o
#        D:\信标对抗2018\山外k60\代码\519信标小车新工程\Prj\IAR\FN15_Release\Obj\VCAN_key.o
#        D:\信标对抗2018\山外k60\代码\519信标小车新工程\Prj\IAR\FN15_Release\Obj\VCAN_key_event.o
#        D:\信标对抗2018\山外k60\代码\519信标小车新工程\Prj\IAR\FN15_Release\Obj\VCAN_LCD.o
#        D:\信标对抗2018\山外k60\代码\519信标小车新工程\Prj\IAR\FN15_Release\Obj\VCAN_LCD_CH.o
#        D:\信标对抗2018\山外k60\代码\519信标小车新工程\Prj\IAR\FN15_Release\Obj\VCAN_LCD_ILI9325.o
#        D:\信标对抗2018\山外k60\代码\519信标小车新工程\Prj\IAR\FN15_Release\Obj\VCAN_LCD_ILI9341.o
#        D:\信标对抗2018\山外k60\代码\519信标小车新工程\Prj\IAR\FN15_Release\Obj\VCAN_LCD_ST7735R.o
#        D:\信标对抗2018\山外k60\代码\519信标小车新工程\Prj\IAR\FN15_Release\Obj\VCAN_LCD_ST7735S.o
#        D:\信标对抗2018\山外k60\代码\519信标小车新工程\Prj\IAR\FN15_Release\Obj\VCAN_LED.o
#        D:\信标对抗2018\山外k60\代码\519信标小车新工程\Prj\IAR\FN15_Release\Obj\VCAN_MMA7455.o
#        D:\信标对抗2018\山外k60\代码\519信标小车新工程\Prj\IAR\FN15_Release\Obj\VCAN_NRF24L0.o
#        D:\信标对抗2018\山外k60\代码\519信标小车新工程\Prj\IAR\FN15_Release\Obj\VCAN_NRF24L0_MSG.o
#        D:\信标对抗2018\山外k60\代码\519信标小车新工程\Prj\IAR\FN15_Release\Obj\VCAN_OV7725_Eagle.o
#        D:\信标对抗2018\山外k60\代码\519信标小车新工程\Prj\IAR\FN15_Release\Obj\VCAN_OV7725_Wolf.o
#        D:\信标对抗2018\山外k60\代码\519信标小车新工程\Prj\IAR\FN15_Release\Obj\VCAN_RTC_count.o
#        D:\信标对抗2018\山外k60\代码\519信标小车新工程\Prj\IAR\FN15_Release\Obj\VCAN_SCCB.o
#        D:\信标对抗2018\山外k60\代码\519信标小车新工程\Prj\IAR\FN15_Release\Obj\vcan_sd_app.o
#        D:\信标对抗2018\山外k60\代码\519信标小车新工程\Prj\IAR\FN15_Release\Obj\Vcan_touch.o
#        D:\信标对抗2018\山外k60\代码\519信标小车新工程\Prj\IAR\FN15_Release\Obj\VCAN_TSL1401.o
#        D:\信标对抗2018\山外k60\代码\519信标小车新工程\Prj\IAR\FN15_Release\Obj\VCAN_UI_VAR.o
#        D:\信标对抗2018\山外k60\代码\519信标小车新工程\Prj\IAR\FN15_Release\Obj\vectors.o
#        --redirect _Printf=_PrintfLargeNoMb --redirect _Scanf=_ScanfLargeNoMb
#        -o
#        D:\信标对抗2018\山外k60\代码\519信标小车新工程\Prj\IAR\FN15_Release\Exe\vcan_Kinetis.out
#        --map
#        D:\信标对抗2018\山外k60\代码\519信标小车新工程\Prj\IAR\FN15_Release\List\vcan_Kinetis.map
#        --config
#        "D:\信标对抗2018\山外k60\代码\519信标小车新工程\Prj\IAR\config
#        files\vcan_ROM_K60N1M.icf"
#        D:\信标对抗2018\山外k60\代码\519信标小车新工程\Prj\IAR\..\..\Lib\CMSIS\iar_cortexM4l_math.a
#        --entry __iar_program_start --redirect __write=__write_buffered
#        --inline --vfe
#
###############################################################################

*******************************************************************************
*** RUNTIME MODEL ATTRIBUTES
***

CppFlavor       = *
__SystemLibrary = DLib


*******************************************************************************
*** PLACEMENT SUMMARY
***

"A0":  place at 0x00000000 { ro section .intvec };
"A1":  place at 0x00000410 { ro section .noinit };
"P1":  place in [from 0x00000000 to 0x00100000] { ro, block CodeRelocate };
"P2":  place in [from 0x1fff0410 to 0x20010000] {
          rw, block CodeRelocateRam, block CSTACK, block HEAP };
initialize manually with packing = copy, complex ranges { section .data };
initialize manually with packing = copy, complex ranges { section .textrw };

  Section              Kind        Address    Size  Object
  -------              ----        -------    ----  ------
"A0":                                        0x410
  .intvec              const    0x00000000   0x410  vectors.o [1]
                              - 0x00000410   0x410

"A1":                                          0x8
  .noinit              ro code  0x00000410     0x8  startup_MK60DZ10.o [1]
                              - 0x00000418     0x8

"P1":                                       0x2b28
  .text                ro code  0x00000418   0xc8c  screen.o [1]
  .text                ro code  0x000010a4    0x74  MK60_gpio.o [1]
  .text                ro code  0x00001118    0x78  MK60_port.o [1]
  .text                ro code  0x00001190   0x438  VCAN_SCCB.o [1]
  .text                ro code  0x000015c8   0x3c0  InitHandler.o [1]
  .text                ro code  0x00001988   0x128  VCAN_OV7725_Eagle.o [1]
  .text                ro code  0x00001ab0   0x1c8  MK60_ftm.o [1]
  .text                ro code  0x00001c78    0xac  Steering.o [1]
  .text                ro code  0x00001d24    0x4e  FltToDbl.o [4]
  .text                ro code  0x00001d74    0xe8  DblAdd.o [4]
  .text                ro code  0x00001e5c    0x90  DblToFlt.o [4]
  .text                ro code  0x00001eec    0xd8  FltMul.o [4]
  .text                ro code  0x00001fc4    0x44  FltToS32.o [4]
  .text                ro code  0x00002008    0x6c  Motor.o [1]
  .text                ro code  0x00002074    0x34  MK60_SysTick.o [1]
  .text                ro code  0x000020a8    0xf4  MK60_dma.o [1]
  .text                ro code  0x0000219c    0x2e  I32ToFlt.o [4]
  .text                ro code  0x000021cc    0x84  FltAdd.o [4]
  .text                ro code  0x00002250    0x24  FltCmpGe.o [4]
  .text                ro code  0x00002274    0x24  FltCmpLe.o [4]
  .text                ro code  0x00002298    0x24  FltToU32.o [4]
  .text                ro code  0x000022bc   0x16c  DblSub.o [4]
  .text                ro code  0x00002428    0xd6  FltSub.o [4]
  Veneer               ro code  0x00002500     0x8  - Linker created -
  .text                ro code  0x00002508   0x1fc  MK60_mcg.o [1]
  .text                ro code  0x00002704   0x1a8  All_Init.o [1]
  .text                ro code  0x000028ac    0x18  misc.o [1]
  .text                ro code  0x000028c4    0x3c  MK60_PIT.o [1]
  .text                ro code  0x00002900   0x158  MK60_uart.o [1]
  .data_init                    0x00002a58   0x13c  <Block>
    Initializer bytes  const    0x00002a58   0x13c  <for .data-1>
  .text                ro code  0x00002b94    0xd4  system_MK60DZ10.o [1]
  .text                ro code  0x00002c68    0x2c  MK60_wdog.o [1]
  .text                ro code  0x00002c94    0xc4  Beacon.o [1]
  .text                ro code  0x00002d58    0x76  ABImemcpy_unaligned.o [5]
  .text                ro code  0x00002dd0     0x6  ABImemclr.o [5]
  .text                ro code  0x00002dd8    0x5e  ABImemset.o [5]
  CodeRelocate                  0x00002e38    0x48  <Block>
    Initializer bytes  const    0x00002e38    0x48  <for CodeRelocateRam-1>
  .text                ro code  0x00002e80    0x40  zero_init3.o [5]
  .text                ro code  0x00002ec0    0x28  data_init.o [5]
  .iar.init_table      const    0x00002ee8    0x10  - Linker created -
  .text                ro code  0x00002ef8    0x1a  cmain.o [5]
  .text                ro code  0x00002f12     0x4  exit.o [3]
  .text                ro code  0x00002f18     0xa  cexit.o [5]
  .text                ro code  0x00002f24     0xc  XXexit.o [5]
  .text                ro code  0x00002f30     0xc  cstartup_M.o [5]
  .text                ro code  0x00002f3c     0x4  MK60_conf.o [1]
  .rodata              const    0x00002f40     0x0  zero_init3.o [5]
                              - 0x00002f40  0x2b28

"P2", part 1 of 2:                           0x184
  .data                         0x1fff0410   0x13c  <Block>
    .data-1                     0x1fff0410   0x139  <Init block>
      .data            inited   0x1fff0410    0x20  MK60_ftm.o [1]
      .data            inited   0x1fff0430    0x14  MK60_gpio.o [1]
      .data            inited   0x1fff0444    0x58  MK60_mcg.o [1]
      .data            inited   0x1fff049c     0x4  MK60_mcg.o [1]
      .data            inited   0x1fff04a0    0x14  MK60_port.o [1]
      .data            inited   0x1fff04b4    0x18  MK60_uart.o [1]
      .data            inited   0x1fff04cc     0x8  Motor.o [1]
      .data            inited   0x1fff04d4     0x8  Steering.o [1]
      .data            inited   0x1fff04dc     0x8  VCAN_OV7725_Eagle.o [1]
      .data            inited   0x1fff04e4    0x65  VCAN_OV7725_Eagle.o [1]
  CodeRelocateRam               0x1fff054c    0x48  <Block>
    CodeRelocateRam-1           0x1fff054c    0x48  <Init block>
      .textrw          inited   0x1fff054c    0x48  MK60_mcg.o [1]
                              - 0x1fff0594   0x184

"P2", part 2 of 2:                          0x1570
  .bss                          0x1fff0594  0x1570  <Block>
    .bss               zero     0x1fff0594     0x4  Beacon.o [1]
    .bss               zero     0x1fff0598     0x4  Beacon.o [1]
    .bss               zero     0x1fff059c  0x1518  Beacon.o [1]
    .bss               zero     0x1fff1ab4    0x20  Motor.o [1]
    .bss               zero     0x1fff1ad4    0x1c  Steering.o [1]
    .bss               zero     0x1fff1af0     0xc  system_MK60DZ10.o [1]
    .bss               zero     0x1fff1afc     0x8  InitHandler.o [1]
                              - 0x1fff1b04  0x1570


*******************************************************************************
*** INIT TABLE
***

          Address     Size
          -------     ----
Zero (__iar_zero_init3)
    1 destination range, total size 0x1570:
          0x1fff0594  0x1570



*******************************************************************************
*** MODULE SUMMARY
***

    Module                 ro code  rw code  ro data  rw data
    ------                 -------  -------  -------  -------
D:\信标对抗2018\山外k60\代码\519信标小车新工程\Prj\IAR\FN15_Release\Obj: [1]
    All_Init.o                 424
    Beacon.o                   196                      5 408
    InitHandler.o              960                          8
    MK60_PIT.o                  60
    MK60_SysTick.o              52
    MK60_conf.o                  4
    MK60_dma.o                 244
    MK60_ftm.o                 456                32       32
    MK60_gpio.o                116                20       20
    MK60_mcg.o                 508       72      164       92
    MK60_port.o                120                20       20
    MK60_uart.o                344                24       24
    MK60_wdog.o                 44
    Motor.o                    108                 8       40
    Steering.o                 172                 8       36
    VCAN_OV7725_Eagle.o        296               109      109
    VCAN_SCCB.o              1 080
    misc.o                      24
    screen.o                 3 212
    startup_MK60DZ10.o           8
    system_MK60DZ10.o          212                         12
    vectors.o                                  1 040
    ---------------------------------------------------------
    Total:                   8 640       72    1 425    5 801

command line: [2]
    ---------------------------------------------------------
    Total:

dl7M_tlf.a: [3]
    exit.o                       4
    ---------------------------------------------------------
    Total:                       4

m7M_tl.a: [4]
    DblAdd.o                   232
    DblSub.o                   364
    DblToFlt.o                 144
    FltAdd.o                   132
    FltCmpGe.o                  36
    FltCmpLe.o                  36
    FltMul.o                   216
    FltSub.o                   214
    FltToDbl.o                  78
    FltToS32.o                  68
    FltToU32.o                  36
    I32ToFlt.o                  46
    ---------------------------------------------------------
    Total:                   1 602

rt7M_tl.a: [5]
    ABImemclr.o                  6
    ABImemcpy_unaligned.o      118
    ABImemset.o                 94
    XXexit.o                    12
    cexit.o                     10
    cmain.o                     26
    cstartup_M.o                12
    data_init.o                 40
    zero_init3.o                64
    ---------------------------------------------------------
    Total:                     382

    Gaps                        14
    Linker created               8                19
-------------------------------------------------------------
    Grand Total:            10 650       72    1 444    5 801


*******************************************************************************
*** ENTRY LIST
***

Entry                      Address    Size  Type      Object
-----                      -------    ----  ----      ------
.bss$$Base              0x1fff0594           --   Gb  - Linker created -
.bss$$Limit             0x1fff1b04           --   Gb  - Linker created -
.data$$Base             0x1fff0410           --   Gb  - Linker created -
.data$$Limit            0x1fff054c           --   Gb  - Linker created -
.data_init$$Base        0x00002a58           --   Gb  - Linker created -
.data_init$$Limit       0x00002b94           --   Gb  - Linker created -
.iar.init_table$$Base   0x00002ee8           --   Gb  - Linker created -
.iar.init_table$$Limit  0x00002ef8           --   Gb  - Linker created -
?main                   0x00002ef9          Code  Gb  cmain.o [5]
Beacon_Init             0x00002705   0x1a8  Code  Gb  All_Init.o [1]
CodeRelocate$$Base      0x00002e38           --   Gb  - Linker created -
CodeRelocate$$Limit     0x00002e80           --   Gb  - Linker created -
CodeRelocateRam$$Base   0x1fff054c           --   Gb  - Linker created -
CodeRelocateRam$$Limit  0x1fff0594           --   Gb  - Linker created -
DMA0_IRQHandler         0x000015df     0x4  Code  Gb  InitHandler.o [1]
Derivative_1            0x1fff04d8     0x4  Data  Gb  Steering.o [1]
DisplayFloat            0x0000081d   0x182  Code  Gb  screen.o [1]
F14x16                  0x000009b8    0xfc  Data  Gb  screen.o [1]
F14x16_Idx              0x000009a4    0x14  Data  Gb  screen.o [1]
F8X16                   0x00000ab4   0x5f0  Data  Gb  screen.o [1]
FTMN                    0x1fff0410    0x10  Data  Gb  MK60_ftm.o [1]
FTM_port_mux            0x00001ab1   0x10e  Code  Lc  MK60_ftm.o [1]
Flag_100ms              0x1fff1b00     0x1  Data  Gb  InitHandler.o [1]
Flag_10ms               0x1fff1afe     0x1  Data  Gb  InitHandler.o [1]
Flag_200ms              0x1fff1b01     0x1  Data  Gb  InitHandler.o [1]
Flag_20ms               0x1fff1aff     0x1  Data  Gb  InitHandler.o [1]
Flag_500ms              0x1fff1b02     0x2  Data  Gb  InitHandler.o [1]
Flag_50ms               0x1fff1afc     0x1  Data  Gb  InitHandler.o [1]
Flag_5ms                0x1fff1afd     0x1  Data  Gb  InitHandler.o [1]
GPIOX                   0x1fff0430    0x14  Data  Gb  MK60_gpio.o [1]
Kp_motor                0x1fff04d0     0x4  Data  Gb  Motor.o [1]
LCD_CLS                 0x000004bd    0x2e  Code  Gb  screen.o [1]
LCD_Fill                0x0000048d    0x30  Code  Gb  screen.o [1]
LCD_Init                0x000004eb    0xf8  Code  Gb  screen.o [1]
LCD_P14x16Str           0x000006b1   0x110  Code  Gb  screen.o [1]
LCD_P8x16Str            0x000005e3    0xce  Code  Gb  screen.o [1]
LCD_Print               0x000007c1    0x50  Code  Gb  screen.o [1]
LCD_WrCmd               0x00000455    0x38  Code  Gb  screen.o [1]
LCD_WrDat               0x00000419    0x3c  Code  Gb  screen.o [1]
Motor_init              0x00002009    0x40  Code  Gb  Motor.o [1]
PD_calculation          0x00001ca9    0x62  Code  Gb  Steering.o [1]
PD_init                 0x00001c79    0x22  Code  Gb  Steering.o [1]
PIT1_IRQHandler         0x000015e3   0x11c  Code  Gb  InitHandler.o [1]
PORTA_IRQHandler        0x000015c9    0x16  Code  Gb  InitHandler.o [1]
PORTA_IRQHandler_KEY    0x0000175d    0x44  Code  Gb  InitHandler.o [1]
PORTD_IRQHandler        0x000016ff    0x5e  Code  Gb  InitHandler.o [1]
PORTE_IRQHandler_KEY    0x000017a1    0xa2  Code  Gb  InitHandler.o [1]
PORTX                   0x1fff04a0    0x14  Data  Gb  MK60_port.o [1]
Proportion_1            0x1fff04d4     0x4  Data  Gb  Steering.o [1]
Region$$Table$$Base     0x00002ee8           --   Gb  - Linker created -
Region$$Table$$Limit    0x00002ef8           --   Gb  - Linker created -
Reset_Handler           0x00000411          Code  Gb  startup_MK60DZ10.o [1]
SCCB_GPIO_init          0x00001191    0x2a  Code  Gb  VCAN_SCCB.o [1]
SCCB_ReadByte           0x000013e7    0x20  Code  Gb  VCAN_SCCB.o [1]
SCCB_ReadByte_one       0x00001407   0x1b2  Code  Lc  VCAN_SCCB.o [1]
SCCB_SendByte           0x000012e9    0x5a  Code  Lc  VCAN_SCCB.o [1]
SCCB_Start              0x000011bb    0x6a  Code  Lc  VCAN_SCCB.o [1]
SCCB_Stop               0x00001225    0x64  Code  Lc  VCAN_SCCB.o [1]
SCCB_WaitAck            0x00001289    0x60  Code  Lc  VCAN_SCCB.o [1]
SCCB_WriteByte          0x00001343    0xa4  Code  Gb  VCAN_SCCB.o [1]
SPID                    0x1fff1ab4    0x20  Data  Gb  Motor.o [1]
Steering_init           0x00001c9b     0xe  Code  Gb  Steering.o [1]
UARTN                   0x1fff04b4    0x18  Data  Gb  MK60_uart.o [1]
ZKkey1                  0x00001843    0x30  Code  Gb  InitHandler.o [1]
ZKkey2                  0x00001873    0x30  Code  Gb  InitHandler.o [1]
ZKkey4                  0x000018bb    0x2e  Code  Gb  InitHandler.o [1]
ZKkey5                  0x00001901    0x3e  Code  Gb  InitHandler.o [1]
__BOOT_STACK_ADDRESS {Abs}
                        0x2000fff8          Data  Gb  command line/config [2]
__VECTOR_RAM {Abs}      0x1fff0000          Data  Gb  command line/config [2]
__VECTOR_TABLE {Abs}    0x00000000          Data  Gb  command line/config [2]
__aeabi_cfcmple         0x00002275          Code  Gb  FltCmpLe.o [4]
__aeabi_cfrcmple        0x00002251          Code  Gb  FltCmpGe.o [4]
__aeabi_d2f             0x00001e5d          Code  Gb  DblToFlt.o [4]
__aeabi_dadd            0x00001d75          Code  Gb  DblAdd.o [4]
__aeabi_f2d             0x00001d25          Code  Gb  FltToDbl.o [4]
__aeabi_f2iz            0x00001fc5          Code  Gb  FltToS32.o [4]
__aeabi_f2uiz           0x00002299          Code  Gb  FltToU32.o [4]
__aeabi_fadd            0x000021cd          Code  Gb  FltAdd.o [4]
__aeabi_fmul            0x00001eed          Code  Gb  FltMul.o [4]
__aeabi_i2f             0x0000219d          Code  Gb  I32ToFlt.o [4]
__aeabi_memclr          0x00002dd1          Code  Gb  ABImemclr.o [5]
__cmain                 0x00002ef9          Code  Gb  cmain.o [5]
__code_start__ {Abs}    0x00000410          Data  Gb  command line/config [2]
__exit                  0x00002f25          Code  Gb  XXexit.o [5]
__iar_Memset_word       0x00002dd9          Code  Gb  ABImemset.o [5]
__iar_dadd              0x00001d89          Code  Gb  DblAdd.o [4]
__iar_data_init3        0x00002ec1    0x28  Code  Gb  data_init.o [5]
__iar_dsub              0x000022bd          Code  Gb  DblSub.o [4]
__iar_dsubStart         0x000022cf          Code  Gb  DblSub.o [4]
__iar_fadd              0x000021dd          Code  Gb  FltAdd.o [4]
__iar_fsub              0x00002429          Code  Gb  FltSub.o [4]
__iar_fsubStart         0x00002439          Code  Gb  FltSub.o [4]
__iar_program_start     0x00002f31          Code  Gb  cstartup_M.o [5]
__iar_ui2f              0x000021b1          Code  Gb  I32ToFlt.o [4]
__iar_unaligned___aeabi_memcpy
                        0x00002d59          Code  Gb  ABImemcpy_unaligned.o [5]
__iar_unaligned___aeabi_memcpy4
                        0x00002d79          Code  Gb  ABImemcpy_unaligned.o [5]
__iar_unaligned___aeabi_memcpy8
                        0x00002d79          Code  Gb  ABImemcpy_unaligned.o [5]
__iar_zero_init3        0x00002e81    0x40  Code  Gb  zero_init3.o [5]
__vector_table          0x00000000   0x410  Data  Gb  vectors.o [1]
_call_main              0x00002f05          Code  Gb  cmain.o [5]
_exit                   0x00002f19          Code  Gb  cexit.o [5]
_main                   0x00002f0f          Code  Gb  cmain.o [5]
bus_clk_khz             0x1fff1af8     0x4  Data  Gb  system_MK60DZ10.o [1]
common_startup          0x00002bf1    0x44  Code  Gb  system_MK60DZ10.o [1]
core_clk_khz            0x1fff1af0     0x4  Data  Gb  system_MK60DZ10.o [1]
core_clk_mhz            0x1fff1af4     0x4  Data  Gb  system_MK60DZ10.o [1]
default_isr             0x00002f3d     0x2  Code  Gb  MK60_conf.o [1]
dma_portx2buff_init     0x000020a9    0xf4  Code  Gb  MK60_dma.o [1]
exit                    0x00002f13     0x4  Code  Gb  exit.o [3]
ftm_mod                 0x1fff0420    0x10  Data  Lc  MK60_ftm.o [1]
ftm_pwm_duty            0x00001c3d    0x2a  Code  Gb  MK60_ftm.o [1]
ftm_pwm_init            0x00001bbf    0x7e  Code  Gb  MK60_ftm.o [1]
gpio_get                0x000010fd    0x16  Code  Gb  MK60_gpio.o [1]
gpio_init               0x000010a5    0x42  Code  Gb  MK60_gpio.o [1]
gpio_turn               0x000010e7    0x16  Code  Gb  MK60_gpio.o [1]
img                     0x1fff07f4  0x12c0  Data  Gb  Beacon.o [1]
imgbuff                 0x1fff059c   0x258  Data  Gb  Beacon.o [1]
kp                      0x1fff04cc     0x4  Data  Gb  Motor.o [1]
m                       0x1fff0594     0x4  Data  Gb  Beacon.o [1]
main                    0x00002c95    0x9a  Code  Gb  Beacon.o [1]
mcg_cfg                 0x1fff0444    0x58  Data  Gb  MK60_mcg.o [1]
mcg_div                 0x1fff049c     0x4  Data  Gb  MK60_mcg.o [1]
mcg_div_count           0x00002509   0x176  Code  Gb  MK60_mcg.o [1]
mid_input               0x1fff0598     0x4  Data  Gb  Beacon.o [1]
ov7725_eagle_cfgnum     0x1fff0548     0x1  Data  Gb  VCAN_OV7725_Eagle.o [1]
ov7725_eagle_dma        0x00001a73    0x12  Code  Gb  VCAN_OV7725_Eagle.o [1]
ov7725_eagle_img_buff   0x1fff04e0     0x4  Data  Gb  VCAN_OV7725_Eagle.o [1]
ov7725_eagle_img_flag   0x1fff04dc     0x1  Data  Gb  VCAN_OV7725_Eagle.o [1]
ov7725_eagle_init       0x00001989    0xac  Code  Gb  VCAN_OV7725_Eagle.o [1]
ov7725_eagle_reg        0x1fff04e4    0x64  Data  Gb  VCAN_OV7725_Eagle.o [1]
ov7725_eagle_vsync      0x00001a35    0x3e  Code  Gb  VCAN_OV7725_Eagle.o [1]
pd_var                  0x1fff1ad4    0x1c  Data  Gb  Steering.o [1]
pit_init                0x000028c5    0x30  Code  Gb  MK60_PIT.o [1]
pll_init                0x0000267f    0x7a  Code  Gb  MK60_mcg.o [1]
port_init               0x00001119    0x30  Code  Gb  MK60_port.o [1]
port_init_NoALT         0x00001149    0x3a  Code  Gb  MK60_port.o [1]
set_sys_dividers        0x1fff054d    0x48  Code  Gb  MK60_mcg.o [1]
set_vector_handler      0x000028b3     0x8  Code  Gb  misc.o [1]
spid_init               0x00002049    0x26  Code  Gb  Motor.o [1]
start                   0x00002b95    0x28  Code  Gb  system_MK60DZ10.o [1]
sysinit                 0x00002bbd    0x34  Code  Gb  system_MK60DZ10.o [1]
systick_delay_ms        0x00002075    0x2a  Code  Gb  MK60_SysTick.o [1]
uart_init               0x00002901   0x148  Code  Gb  MK60_uart.o [1]
wdog_disable            0x00002c69    0x26  Code  Gb  MK60_wdog.o [1]
write_vtor              0x000028ad     0x6  Code  Gb  misc.o [1]


[1] = D:\信标对抗2018\山外k60\代码\519信标小车新工程\Prj\IAR\FN15_Release\Obj
[2] = command line
[3] = dl7M_tlf.a
[4] = m7M_tl.a
[5] = rt7M_tl.a

  10 650 bytes of readonly  code memory
      72 bytes of readwrite code memory
   1 444 bytes of readonly  data memory
   5 801 bytes of readwrite data memory

Errors: none
Warnings: none
