###############################################################################
#
# IAR ELF Linker V7.70.1.11437/W32 for ARM                23/Jan/2018  12:38:56
# Copyright 2007-2016 IAR Systems AB.
#
#    Output file  =  
#        D:\信标对抗2018\山外k60\代码\1摄像头LCD上位机\Prj\IAR\FN15_Debug\Exe\vcan_Kinetis.out
#    Map file     =  
#        D:\信标对抗2018\山外k60\代码\1摄像头LCD上位机\Prj\IAR\FN15_Debug\List\vcan_Kinetis.map
#    Command line =  
#        D:\信标对抗2018\山外k60\代码\1摄像头LCD上位机\Prj\IAR\FN15_Debug\Obj\diskio.o
#        D:\信标对抗2018\山外k60\代码\1摄像头LCD上位机\Prj\IAR\FN15_Debug\Obj\ff.o
#        D:\信标对抗2018\山外k60\代码\1摄像头LCD上位机\Prj\IAR\FN15_Debug\Obj\main.o
#        D:\信标对抗2018\山外k60\代码\1摄像头LCD上位机\Prj\IAR\FN15_Debug\Obj\misc.o
#        D:\信标对抗2018\山外k60\代码\1摄像头LCD上位机\Prj\IAR\FN15_Debug\Obj\MK60_adc.o
#        D:\信标对抗2018\山外k60\代码\1摄像头LCD上位机\Prj\IAR\FN15_Debug\Obj\MK60_can.o
#        D:\信标对抗2018\山外k60\代码\1摄像头LCD上位机\Prj\IAR\FN15_Debug\Obj\MK60_conf.o
#        D:\信标对抗2018\山外k60\代码\1摄像头LCD上位机\Prj\IAR\FN15_Debug\Obj\MK60_dac.o
#        D:\信标对抗2018\山外k60\代码\1摄像头LCD上位机\Prj\IAR\FN15_Debug\Obj\MK60_dma.o
#        D:\信标对抗2018\山外k60\代码\1摄像头LCD上位机\Prj\IAR\FN15_Debug\Obj\MK60_DWT.o
#        D:\信标对抗2018\山外k60\代码\1摄像头LCD上位机\Prj\IAR\FN15_Debug\Obj\MK60_flash.o
#        D:\信标对抗2018\山外k60\代码\1摄像头LCD上位机\Prj\IAR\FN15_Debug\Obj\MK60_flexbus.o
#        D:\信标对抗2018\山外k60\代码\1摄像头LCD上位机\Prj\IAR\FN15_Debug\Obj\MK60_ftm.o
#        D:\信标对抗2018\山外k60\代码\1摄像头LCD上位机\Prj\IAR\FN15_Debug\Obj\MK60_gpio.o
#        D:\信标对抗2018\山外k60\代码\1摄像头LCD上位机\Prj\IAR\FN15_Debug\Obj\MK60_i2c.o
#        D:\信标对抗2018\山外k60\代码\1摄像头LCD上位机\Prj\IAR\FN15_Debug\Obj\MK60_it.o
#        D:\信标对抗2018\山外k60\代码\1摄像头LCD上位机\Prj\IAR\FN15_Debug\Obj\MK60_lptmr.o
#        D:\信标对抗2018\山外k60\代码\1摄像头LCD上位机\Prj\IAR\FN15_Debug\Obj\MK60_mcg.o
#        D:\信标对抗2018\山外k60\代码\1摄像头LCD上位机\Prj\IAR\FN15_Debug\Obj\MK60_PIT.o
#        D:\信标对抗2018\山外k60\代码\1摄像头LCD上位机\Prj\IAR\FN15_Debug\Obj\MK60_port.o
#        D:\信标对抗2018\山外k60\代码\1摄像头LCD上位机\Prj\IAR\FN15_Debug\Obj\MK60_rtc.o
#        D:\信标对抗2018\山外k60\代码\1摄像头LCD上位机\Prj\IAR\FN15_Debug\Obj\MK60_sdhc.o
#        D:\信标对抗2018\山外k60\代码\1摄像头LCD上位机\Prj\IAR\FN15_Debug\Obj\MK60_spi.o
#        D:\信标对抗2018\山外k60\代码\1摄像头LCD上位机\Prj\IAR\FN15_Debug\Obj\MK60_SysTick.o
#        D:\信标对抗2018\山外k60\代码\1摄像头LCD上位机\Prj\IAR\FN15_Debug\Obj\MK60_uart.o
#        D:\信标对抗2018\山外k60\代码\1摄像头LCD上位机\Prj\IAR\FN15_Debug\Obj\MK60_usb.o
#        D:\信标对抗2018\山外k60\代码\1摄像头LCD上位机\Prj\IAR\FN15_Debug\Obj\MK60_wdog.o
#        D:\信标对抗2018\山外k60\代码\1摄像头LCD上位机\Prj\IAR\FN15_Debug\Obj\startup_MK60DZ10.o
#        D:\信标对抗2018\山外k60\代码\1摄像头LCD上位机\Prj\IAR\FN15_Debug\Obj\system_MK60DZ10.o
#        D:\信标对抗2018\山外k60\代码\1摄像头LCD上位机\Prj\IAR\FN15_Debug\Obj\USB.o
#        D:\信标对抗2018\山外k60\代码\1摄像头LCD上位机\Prj\IAR\FN15_Debug\Obj\USB_CDC.o
#        D:\信标对抗2018\山外k60\代码\1摄像头LCD上位机\Prj\IAR\FN15_Debug\Obj\VCAN_ASCII.o
#        D:\信标对抗2018\山外k60\代码\1摄像头LCD上位机\Prj\IAR\FN15_Debug\Obj\VCAN_BMP.o
#        D:\信标对抗2018\山外k60\代码\1摄像头LCD上位机\Prj\IAR\FN15_Debug\Obj\VCAN_camera.o
#        D:\信标对抗2018\山外k60\代码\1摄像头LCD上位机\Prj\IAR\FN15_Debug\Obj\VCAN_computer.o
#        D:\信标对抗2018\山外k60\代码\1摄像头LCD上位机\Prj\IAR\FN15_Debug\Obj\vcan_img2sd.o
#        D:\信标对抗2018\山外k60\代码\1摄像头LCD上位机\Prj\IAR\FN15_Debug\Obj\VCAN_key.o
#        D:\信标对抗2018\山外k60\代码\1摄像头LCD上位机\Prj\IAR\FN15_Debug\Obj\VCAN_key_event.o
#        D:\信标对抗2018\山外k60\代码\1摄像头LCD上位机\Prj\IAR\FN15_Debug\Obj\VCAN_LCD.o
#        D:\信标对抗2018\山外k60\代码\1摄像头LCD上位机\Prj\IAR\FN15_Debug\Obj\VCAN_LCD_CH.o
#        D:\信标对抗2018\山外k60\代码\1摄像头LCD上位机\Prj\IAR\FN15_Debug\Obj\VCAN_LCD_ILI9325.o
#        D:\信标对抗2018\山外k60\代码\1摄像头LCD上位机\Prj\IAR\FN15_Debug\Obj\VCAN_LCD_ILI9341.o
#        D:\信标对抗2018\山外k60\代码\1摄像头LCD上位机\Prj\IAR\FN15_Debug\Obj\VCAN_LCD_ST7735R.o
#        D:\信标对抗2018\山外k60\代码\1摄像头LCD上位机\Prj\IAR\FN15_Debug\Obj\VCAN_LCD_ST7735S.o
#        D:\信标对抗2018\山外k60\代码\1摄像头LCD上位机\Prj\IAR\FN15_Debug\Obj\VCAN_LED.o
#        D:\信标对抗2018\山外k60\代码\1摄像头LCD上位机\Prj\IAR\FN15_Debug\Obj\VCAN_MMA7455.o
#        D:\信标对抗2018\山外k60\代码\1摄像头LCD上位机\Prj\IAR\FN15_Debug\Obj\VCAN_NRF24L0.o
#        D:\信标对抗2018\山外k60\代码\1摄像头LCD上位机\Prj\IAR\FN15_Debug\Obj\VCAN_NRF24L0_MSG.o
#        D:\信标对抗2018\山外k60\代码\1摄像头LCD上位机\Prj\IAR\FN15_Debug\Obj\VCAN_OV7725_Eagle.o
#        D:\信标对抗2018\山外k60\代码\1摄像头LCD上位机\Prj\IAR\FN15_Debug\Obj\VCAN_OV7725_Wolf.o
#        D:\信标对抗2018\山外k60\代码\1摄像头LCD上位机\Prj\IAR\FN15_Debug\Obj\VCAN_RTC_count.o
#        D:\信标对抗2018\山外k60\代码\1摄像头LCD上位机\Prj\IAR\FN15_Debug\Obj\VCAN_SCCB.o
#        D:\信标对抗2018\山外k60\代码\1摄像头LCD上位机\Prj\IAR\FN15_Debug\Obj\vcan_sd_app.o
#        D:\信标对抗2018\山外k60\代码\1摄像头LCD上位机\Prj\IAR\FN15_Debug\Obj\Vcan_touch.o
#        D:\信标对抗2018\山外k60\代码\1摄像头LCD上位机\Prj\IAR\FN15_Debug\Obj\VCAN_TSL1401.o
#        D:\信标对抗2018\山外k60\代码\1摄像头LCD上位机\Prj\IAR\FN15_Debug\Obj\VCAN_UI_VAR.o
#        D:\信标对抗2018\山外k60\代码\1摄像头LCD上位机\Prj\IAR\FN15_Debug\Obj\vectors.o
#        --redirect _Printf=_PrintfLargeNoMb --redirect _Scanf=_ScanfLargeNoMb
#        -o
#        D:\信标对抗2018\山外k60\代码\1摄像头LCD上位机\Prj\IAR\FN15_Debug\Exe\vcan_Kinetis.out
#        --map
#        D:\信标对抗2018\山外k60\代码\1摄像头LCD上位机\Prj\IAR\FN15_Debug\List\vcan_Kinetis.map
#        --config "D:\信标对抗2018\山外k60\代码\1摄像头LCD上位机\Prj\IAR\config
#        files\vcan_ROM_K60N1M.icf"
#        D:\信标对抗2018\山外k60\代码\1摄像头LCD上位机\Prj\IAR\..\..\Lib\CMSIS\iar_cortexM4l_math.a
#        --entry __iar_program_start --redirect __write=__write_buffered --vfe
#
###############################################################################

*******************************************************************************
*** RUNTIME MODEL ATTRIBUTES
***

CppFlavor       = *
__SystemLibrary = DLib


*******************************************************************************
*** PLACEMENT SUMMARY
***

"A0":  place at 0x00000000 { ro section .intvec };
"A1":  place at 0x00000410 { ro section .noinit };
"P1":  place in [from 0x00000000 to 0x00100000] { ro, block CodeRelocate };
"P2":  place in [from 0x1fff0410 to 0x20010000] {
          rw, block CodeRelocateRam, block CSTACK, block HEAP };
initialize manually with packing = copy, complex ranges { rw };
initialize manually with packing = copy, complex ranges { section .data };
initialize manually with packing = copy, complex ranges { section .textrw };

  Section              Kind        Address    Size  Object
  -------              ----        -------    ----  ------
"A0":                                        0x410
  .intvec              const    0x00000000   0x410  vectors.o [1]
                              - 0x00000410   0x410

"A1":                                          0x8
  .noinit              ro code  0x00000410     0x8  startup_MK60DZ10.o [1]
                              - 0x00000418     0x8

"P1":                                       0x3b58
  .text                ro code  0x00000418   0xc12  xprintflarge_nomb.o [3]
  .rodata              const    0x0000102a     0x2  VCAN_computer.o [1]
  .text                ro code  0x0000102c    0x16  strchr.o [5]
  .rodata              const    0x00001042     0x2  VCAN_computer.o [1]
  .text                ro code  0x00001044    0x36  strlen.o [5]
  .text                ro code  0x0000107c    0x58  memchr.o [5]
  .text                ro code  0x000010d4    0xee  I64DivMod.o [5]
  .text                ro code  0x000011c4    0x76  ABImemcpy_unaligned.o [5]
  .text                ro code  0x0000123a    0x44  xdnorm.o [4]
  .text                ro code  0x00001280    0x2e  DblCmpLe.o [4]
  .text                ro code  0x000012b0   0x1a2  DblMul.o [4]
  .text                ro code  0x00001454   0x256  DblDiv.o [4]
  .text                ro code  0x000016ac    0x2c  DblToI32.o [4]
  .text                ro code  0x000016d8    0x1c  I32ToDbl.o [4]
  .text                ro code  0x000016f4   0x180  DblSub.o [4]
  .text                ro code  0x00001874    0x6c  localeconv.o [3]
  .text                ro code  0x000018e0     0xe  div.o [3]
  .text                ro code  0x000018f0     0x2  I64DivZer.o [5]
  .text                ro code  0x000018f4    0xd4  DblAdd.o [4]
  .text                ro code  0x000019c8     0x2  xtls.o [3]
  .data_init                    0x000019cc   0x85c  <Block>
    Initializer bytes  const    0x000019cc   0x85c  <for .data-1>
  Veneer               ro code  0x00002228     0x8  - Linker created -
  .text                ro code  0x00002230   0x3d4  MK60_mcg.o [1]
  .text                ro code  0x00002604   0x362  VCAN_SCCB.o [1]
  .text                ro code  0x00002968   0x130  MK60_gpio.o [1]
  .text                ro code  0x00002a98    0xb0  MK60_port.o [1]
  Veneer               ro code  0x00002b48     0x8  - Linker created -
  Veneer               ro code  0x00002b50     0x8  - Linker created -
  .text                ro code  0x00002b58   0x140  MK60_conf.o [1]
  .text                ro code  0x00002c98    0x70  VCAN_LED.o [1]
  .text                ro code  0x00002d08    0x24  printf.o [3]
  .text                ro code  0x00002d2c    0x64  MK60_SysTick.o [1]
  .text                ro code  0x00002d90   0x26c  MK60_uart.o [1]
  .text                ro code  0x00002ffc    0x9c  VCAN_key.o [1]
  .text                ro code  0x00003098   0x284  MK60_dma.o [1]
  .text                ro code  0x0000331c   0x234  VCAN_OV7725_Eagle.o [1]
  CodeRelocate                  0x00003550   0x1f0  <Block>
    Initializer bytes  const    0x00003550   0x1f0  <for CodeRelocateRam-1>
  .text                ro code  0x00003740   0x140  system_MK60DZ10.o [1]
  .text                ro code  0x00003880    0x40  MK60_wdog.o [1]
  .text                ro code  0x000038c0    0x88  main.o [1]
  .text                ro code  0x00003948    0x50  misc.o [1]
  .text                ro code  0x00003998    0x14  VCAN_LCD_ST7735R.o [1]
  .text                ro code  0x000039ac    0x40  VCAN_computer.o [1]
  .rodata              const    0x000039ec    0x7c  MK60_SysTick.o [1]
  .rodata              const    0x00003a68    0x78  MK60_dma.o [1]
  .rodata              const    0x00003ae0    0x78  MK60_flash.o [1]
  .rodata              const    0x00003b58    0x78  MK60_gpio.o [1]
  .rodata              const    0x00003bd0    0x78  MK60_uart.o [1]
  .rodata              const    0x00003c48    0x74  misc.o [1]
  .text                ro code  0x00003cbc    0x40  zero_init3.o [5]
  .rodata              const    0x00003cfc    0x3c  MK60_conf.o [1]
  .text                ro code  0x00003d38    0x28  data_init.o [5]
  .rodata              const    0x00003d60    0x24  MK60_conf.o [1]
  .rodata              const    0x00003d84    0x24  VCAN_OV7725_Eagle.o [1]
  .rodata              const    0x00003da8    0x24  VCAN_OV7725_Eagle.o [1]
  .iar.init_table      const    0x00003dcc    0x10  - Linker created -
  .rodata              const    0x00003ddc    0x20  MK60_conf.o [1]
  .rodata              const    0x00003dfc    0x20  VCAN_OV7725_Eagle.o [1]
  .text                ro code  0x00003e1c    0x1a  cmain.o [5]
  .text                ro code  0x00003e36     0x4  low_level_init.o [3]
  .text                ro code  0x00003e3a     0x4  exit.o [3]
  .text                ro code  0x00003e40     0xa  cexit.o [5]
  .text                ro code  0x00003e4c     0xc  XXexit.o [5]
  .rodata              const    0x00003e58    0x18  VCAN_OV7725_Eagle.o [1]
  .rodata              const    0x00003e70    0x18  VCAN_OV7725_Eagle.o [1]
  .text                ro code  0x00003e88    0x16  xprout.o [3]
  .text                ro code  0x00003ea0     0xc  putchar.o [3]
  .rodata              const    0x00003eac    0x14  MK60_conf.o [1]
  .rodata              const    0x00003ec0    0x14  VCAN_OV7725_Eagle.o [1]
  .text                ro code  0x00003ed4     0xc  cstartup_M.o [5]
  .rodata              const    0x00003ee0     0x4  main.o [1]
  .rodata              const    0x00003ee4     0x4  main.o [1]
  .rodata              const    0x00003ee8     0x0  zero_init3.o [5]
  Initializer bytes    const    0x00003ee8    0x88  <for P2 s0>
                              - 0x00003f70  0x3b58

"P2", part 1 of 3:                           0xa4c
  .data                         0x1fff0410   0x85c  <Block>
    .data-1                     0x1fff0410   0x85a  <Init block>
      .data            inited   0x1fff0410   0x708  MK60_conf.o [1]
      .data            inited   0x1fff0b18    0x14  MK60_gpio.o [1]
      .data            inited   0x1fff0b2c    0x58  MK60_mcg.o [1]
      .data            inited   0x1fff0b84     0x4  MK60_mcg.o [1]
      .data            inited   0x1fff0b88    0x14  MK60_port.o [1]
      .data            inited   0x1fff0b9c    0x18  MK60_uart.o [1]
      .data            inited   0x1fff0bb4     0x8  VCAN_key.o [1]
      .data            inited   0x1fff0bbc     0x4  VCAN_LED.o [1]
      .data            inited   0x1fff0bc0    0x64  VCAN_OV7725_Eagle.o [1]
      .data            inited   0x1fff0c24    0x40  xfiles.o [3]
      .data            inited   0x1fff0c64     0x2  VCAN_LCD_ST7735R.o [1]
      .data            inited   0x1fff0c66     0x2  VCAN_LCD_ST7735R.o [1]
      .data            inited   0x1fff0c68     0x1  VCAN_OV7725_Eagle.o [1]
      .data            inited   0x1fff0c69     0x1  VCAN_OV7725_Eagle.o [1]
  CodeRelocateRam               0x1fff0c6c   0x1f0  <Block>
    CodeRelocateRam-1           0x1fff0c6c   0x1f0  <Init block>
      Veneer           inited   0x1fff0c6c     0x8  - Linker created -
      Veneer           inited   0x1fff0c74     0x8  - Linker created -
      .textrw          inited   0x1fff0c7c   0x190  MK60_flash.o [1]
      .textrw          inited   0x1fff0e0c    0x50  MK60_mcg.o [1]
                              - 0x1fff0e5c   0xa4c

"P2", part 2 of 3:                           0x2b8
  .bss                          0x1fff0e5c   0x2b8  <Block>
    .bss               zero     0x1fff0e5c   0x258  main.o [1]
    .bss               zero     0x1fff10b4     0x4  system_MK60DZ10.o [1]
    .bss               zero     0x1fff10b8     0x4  system_MK60DZ10.o [1]
    .bss               zero     0x1fff10bc     0x4  system_MK60DZ10.o [1]
    .bss               zero     0x1fff10c0     0x4  VCAN_OV7725_Eagle.o [1]
    .bss               zero     0x1fff10c4    0x50  xfiles.o [3]
                              - 0x1fff1114   0x2b8

"P2", part 3 of 3:                            0x88
  P2 s0                         0x1fff1114    0x88  <Init block>
    __DLIB_PERTHREAD   inited   0x1fff1114    0x88  localeconv.o [3]
                              - 0x1fff119c    0x88


*******************************************************************************
*** INIT TABLE
***

          Address     Size
          -------     ----
Zero (__iar_zero_init3)
    1 destination range, total size 0x2b8:
          0x1fff0e5c  0x2b8



*******************************************************************************
*** MODULE SUMMARY
***

    Module                 ro code  rw code  ro data  rw data
    ------                 -------  -------  -------  -------
D:\信标对抗2018\山外k60\代码\1摄像头LCD上位机\Prj\IAR\FN15_Debug\Obj: [1]
    MK60_SysTick.o             100               124
    MK60_conf.o                320             1 948    1 800
    MK60_dma.o                 644               120
    MK60_flash.o                        400      520
    MK60_gpio.o                304               140       20
    MK60_mcg.o                 980       80      172       92
    MK60_port.o                176                20       20
    MK60_uart.o                620               144       24
    MK60_wdog.o                 64
    VCAN_LCD_ST7735R.o          20                 4        4
    VCAN_LED.o                 112                 4        4
    VCAN_OV7725_Eagle.o        564               274      106
    VCAN_SCCB.o                866
    VCAN_computer.o             64                 4
    VCAN_key.o                 156                 8        8
    main.o                     136                 8      600
    misc.o                      80               116
    startup_MK60DZ10.o           8
    system_MK60DZ10.o          320                         12
    vectors.o                                  1 040
    ---------------------------------------------------------
    Total:                   5 534      480    4 646    2 690

command line: [2]
    ---------------------------------------------------------
    Total:

dl7M_tlf.a: [3]
    div.o                       14
    exit.o                       4
    localeconv.o               108               136      136
    low_level_init.o             4
    printf.o                    36
    putchar.o                   12
    xfiles.o                                      64      144
    xprintflarge_nomb.o      3 090
    xprout.o                    22
    xtls.o                       2
    ---------------------------------------------------------
    Total:                   3 292               200      280

m7M_tl.a: [4]
    DblAdd.o                   212
    DblCmpLe.o                  46
    DblDiv.o                   598
    DblMul.o                   418
    DblSub.o                   384
    DblToI32.o                  44
    I32ToDbl.o                  28
    xdnorm.o                    68
    ---------------------------------------------------------
    Total:                   1 798

rt7M_tl.a: [5]
    ABImemcpy_unaligned.o      118
    I64DivMod.o                238
    I64DivZer.o                  2
    XXexit.o                    12
    cexit.o                     10
    cmain.o                     26
    cstartup_M.o                12
    data_init.o                 40
    memchr.o                    88
    strchr.o                    22
    strlen.o                    54
    zero_init3.o                64
    ---------------------------------------------------------
    Total:                     686

    Gaps                        24
    Linker created              24       16       34
-------------------------------------------------------------
    Grand Total:            11 358      496    4 880    2 970


*******************************************************************************
*** ENTRY LIST
***

Entry                      Address   Size  Type      Object
-----                      -------   ----  ----      ------
.bss$$Base              0x1fff0e5c          --   Gb  - Linker created -
.bss$$Limit             0x1fff1114          --   Gb  - Linker created -
.data$$Base             0x1fff0410          --   Gb  - Linker created -
.data$$Limit            0x1fff0c6c          --   Gb  - Linker created -
.data_init$$Base        0x000019cc          --   Gb  - Linker created -
.data_init$$Limit       0x00002228          --   Gb  - Linker created -
.iar.init_table$$Base   0x00003dcc          --   Gb  - Linker created -
.iar.init_table$$Limit  0x00003ddc          --   Gb  - Linker created -
?main                   0x00003e1d         Code  Gb  cmain.o [5]
ASSERT_FAILED_STR       0x00003d60   0x24  Data  Gb  MK60_conf.o [1]
CodeRelocate$$Base      0x00003550          --   Gb  - Linker created -
CodeRelocate$$Limit     0x00003740          --   Gb  - Linker created -
CodeRelocateRam$$Base   0x1fff0c6c          --   Gb  - Linker created -
CodeRelocateRam$$Limit  0x1fff0e5c          --   Gb  - Linker created -
DMA0_IRQHandler         0x00003941    0x8  Code  Gb  main.o [1]
GPIOX                   0x1fff0b18   0x14  Data  Gb  MK60_gpio.o [1]
KEY_PTxn                0x1fff0bb4    0x8  Data  Gb  VCAN_key.o [1]
LED_PTxn                0x1fff0bbc    0x4  Data  Gb  VCAN_LED.o [1]
LoadInt                 0x000009ad   0x6e  Code  Lc  xprintflarge_nomb.o [3]
NVIC_DisableIRQ         0x00003331   0x14  Code  Lc  VCAN_OV7725_Eagle.o [1]
NVIC_EnableIRQ          0x0000331d   0x14  Code  Lc  VCAN_OV7725_Eagle.o [1]
NVIC_SystemReset        0x00002b59   0x1a  Code  Lc  MK60_conf.o [1]
PORTA_IRQHandler        0x00003905   0x2a  Code  Gb  main.o [1]
PORTX                   0x1fff0b88   0x14  Data  Gb  MK60_port.o [1]
Region$$Table$$Base     0x00003dcc          --   Gb  - Linker created -
Region$$Table$$Limit    0x00003ddc          --   Gb  - Linker created -
Reset_Handler           0x00000411         Code  Gb  startup_MK60DZ10.o [1]
SCCB_Ack                0x000026d9   0x3c  Code  Lc  VCAN_SCCB.o [1]
SCCB_GPIO_init          0x0000261f   0x28  Code  Gb  VCAN_SCCB.o [1]
SCCB_NoAck              0x00002715   0x3c  Code  Lc  VCAN_SCCB.o [1]
SCCB_ReadByte           0x000028b5   0x2c  Code  Gb  VCAN_SCCB.o [1]
SCCB_ReadByte_one       0x000028e1   0x86  Code  Lc  VCAN_SCCB.o [1]
SCCB_ReceiveByte        0x000027e1   0x54  Code  Lc  VCAN_SCCB.o [1]
SCCB_SendByte           0x0000279d   0x44  Code  Lc  VCAN_SCCB.o [1]
SCCB_Start              0x00002647   0x5e  Code  Lc  VCAN_SCCB.o [1]
SCCB_Stop               0x000026a5   0x34  Code  Lc  VCAN_SCCB.o [1]
SCCB_WaitAck            0x00002751   0x4c  Code  Lc  VCAN_SCCB.o [1]
SCCB_WriteByte          0x00002845   0x28  Code  Gb  VCAN_SCCB.o [1]
SCCB_WriteByte_one      0x0000286d   0x48  Code  Lc  VCAN_SCCB.o [1]
SCCB_delay              0x00002605   0x1a  Code  Lc  VCAN_SCCB.o [1]
ST7735R_get_h           0x00003999    0x6  Code  Gb  VCAN_LCD_ST7735R.o [1]
ST7735R_get_w           0x0000399f    0x6  Code  Gb  VCAN_LCD_ST7735R.o [1]
UARTN                   0x1fff0b9c   0x18  Data  Gb  MK60_uart.o [1]
_GenldLargeNoMb         0x00000da3  0x23e  Code  Lc  xprintflarge_nomb.o [3]
_LdtobLargeNoMb         0x00000b25  0x278  Code  Lc  xprintflarge_nomb.o [3]
_LitobLargeNoMb         0x00000a1b  0x10a  Code  Lc  xprintflarge_nomb.o [3]
_Locale_aeabi_lconv     0x1fff1164   0x38  Data  Gb  localeconv.o [3]
_Locale_lconv           0x1fff1114   0x50  Data  Gb  localeconv.o [3]
_PrintfLargeNoMb        0x00000419  0x58e  Code  Gb  xprintflarge_nomb.o [3]
_Prout                  0x00003e89   0x16  Code  Gb  xprout.o [3]
_PutcharsLargeNoMb      0x00000fe1   0x2e  Code  Lc  xprintflarge_nomb.o [3]
__BOOT_STACK_ADDRESS {Abs}
                        0x2000fff8         Data  Gb  command line/config [2]
__VECTOR_RAM {Abs}      0x1fff0000         Data  Gb  command line/config [2]
__VECTOR_TABLE {Abs}    0x00000000         Data  Gb  command line/config [2]
__aeabi_cdcmple         0x00001281         Code  Gb  DblCmpLe.o [4]
__aeabi_d2uiz           0x000016ad         Code  Gb  DblToI32.o [4]
__aeabi_ddiv            0x00001455         Code  Gb  DblDiv.o [4]
__aeabi_dmul            0x000012b1         Code  Gb  DblMul.o [4]
__aeabi_dsub            0x000016f5         Code  Gb  DblSub.o [4]
__aeabi_ldiv0           0x000018f1         Code  Gb  I64DivZer.o [5]
__aeabi_ui2d            0x000016d9         Code  Gb  I32ToDbl.o [4]
__aeabi_uldivmod        0x000010d5         Code  Gb  I64DivMod.o [5]
__cmain                 0x00003e1d         Code  Gb  cmain.o [5]
__code_start__ {Abs}    0x00000410         Data  Gb  command line/config [2]
__exit                  0x00003e4d         Code  Gb  XXexit.o [5]
__iar_Dnorm             0x0000123b   0x44  Code  Gb  xdnorm.o [4]
__iar_Locale_lconv_init
                        0x00001875   0x3a  Code  Gb  localeconv.o [3]
__iar_Memchr            0x0000107d         Code  Gb  memchr.o [5]
__iar_Stdout            0x1fff0c24   0x40  Data  Gb  xfiles.o [3]
__iar_Strchr            0x0000102d         Code  Gb  strchr.o [5]
__iar_d2uiz             0x000016b9         Code  Gb  DblToI32.o [4]
__iar_dadd              0x000018f5         Code  Gb  DblAdd.o [4]
__iar_data_init3        0x00003d39   0x28  Code  Gb  data_init.o [5]
__iar_dlib_perthread_access
                        0x000019c9    0x2  Code  Gb  xtls.o [3]
__iar_dsub              0x00001709         Code  Gb  DblSub.o [4]
__iar_dsubStart         0x0000171b         Code  Gb  DblSub.o [4]
__iar_program_start     0x00003ed5         Code  Gb  cstartup_M.o [5]
__iar_ui2d              0x000016dd         Code  Gb  I32ToDbl.o [4]
__iar_unaligned___aeabi_memcpy
                        0x000011c5         Code  Gb  ABImemcpy_unaligned.o [5]
__iar_unaligned___aeabi_memcpy4
                        0x000011e5         Code  Gb  ABImemcpy_unaligned.o [5]
__iar_unaligned___aeabi_memcpy8
                        0x000011e5         Code  Gb  ABImemcpy_unaligned.o [5]
__iar_zero_init3        0x00003cbd   0x40  Code  Gb  zero_init3.o [5]
__low_level_init        0x00003e37    0x4  Code  Gb  low_level_init.o [3]
__vector_table          0x00000000  0x410  Data  Gb  vectors.o [1]
_call_main              0x00003e29         Code  Gb  cmain.o [5]
_exit                   0x00003e41         Code  Gb  cexit.o [5]
_main                   0x00003e33         Code  Gb  cmain.o [5]
assert_failed           0x00002b73   0x26  Code  Gb  MK60_conf.o [1]
bus_clk_khz             0x1fff10bc    0x4  Data  Gb  system_MK60DZ10.o [1]
common_startup          0x000037ab   0x98  Code  Gb  system_MK60DZ10.o [1]
core_clk_khz            0x1fff10b4    0x4  Data  Gb  system_MK60DZ10.o [1]
core_clk_mhz            0x1fff10b8    0x4  Data  Gb  system_MK60DZ10.o [1]
default_isr             0x00002c47   0x30  Code  Gb  MK60_conf.o [1]
div                     0x000018e1    0xe  Code  Gb  div.o [3]
dma_gpio_input_init     0x00003099   0x5c  Code  Lc  MK60_dma.o [1]
dma_portx2buff_init     0x000030f5  0x1f4  Code  Gb  MK60_dma.o [1]
exit                    0x00003e3b    0x4  Code  Gb  exit.o [3]
flash_cmd               0x1fff0c7d   0x20  Code  Gb  MK60_flash.o [1]
flash_erase_sector      0x1fff0cc1   0x5c  Code  Gb  MK60_flash.o [1]
flash_init              0x1fff0c9d   0x24  Code  Gb  MK60_flash.o [1]
flash_write             0x1fff0d1d   0xb4  Code  Gb  MK60_flash.o [1]
fputc                   0x00002b99   0x14  Code  Gb  MK60_conf.o [1]
gpio_get                0x00002a51   0x3e  Code  Gb  MK60_gpio.o [1]
gpio_init               0x00002969   0xae  Code  Gb  MK60_gpio.o [1]
gpio_turn               0x00002a17   0x3a  Code  Gb  MK60_gpio.o [1]
imgbuff                 0x1fff0e5c  0x258  Data  Gb  main.o [1]
key_check               0x00003069   0x2a  Code  Gb  VCAN_key.o [1]
key_get                 0x0000304f   0x1a  Code  Gb  VCAN_key.o [1]
key_init                0x00002ffd   0x52  Code  Gb  VCAN_key.o [1]
led_init                0x00002c99   0x3a  Code  Gb  VCAN_LED.o [1]
led_turn                0x00002cd3   0x32  Code  Gb  VCAN_LED.o [1]
localeconv              0x000018af   0x16  Code  Gb  localeconv.o [3]
main                    0x000038c1   0x44  Code  Gb  main.o [1]
mcg_cfg                 0x1fff0b2c   0x58  Data  Gb  MK60_mcg.o [1]
mcg_div                 0x1fff0b84    0x4  Data  Gb  MK60_mcg.o [1]
mcg_div_count           0x00002231  0x304  Code  Gb  MK60_mcg.o [1]
memchr                  0x0000107d         Code  Gb  memchr.o [5]
obuf                    0x1fff10c4   0x50  Data  Lc  xfiles.o [3]
ov7725_eagle_cfgnum     0x1fff0c69    0x1  Data  Gb  VCAN_OV7725_Eagle.o [1]
ov7725_eagle_dma        0x000033fd   0x14  Code  Gb  VCAN_OV7725_Eagle.o [1]
ov7725_eagle_get_img    0x00003411   0x42  Code  Gb  VCAN_OV7725_Eagle.o [1]
ov7725_eagle_img_buff   0x1fff10c0    0x4  Data  Gb  VCAN_OV7725_Eagle.o [1]
ov7725_eagle_img_flag   0x1fff0c68    0x1  Data  Gb  VCAN_OV7725_Eagle.o [1]
ov7725_eagle_init       0x00003345   0x18  Code  Gb  VCAN_OV7725_Eagle.o [1]
ov7725_eagle_port_init  0x0000335d   0x54  Code  Lc  VCAN_OV7725_Eagle.o [1]
ov7725_eagle_reg        0x1fff0bc0   0x64  Data  Gb  VCAN_OV7725_Eagle.o [1]
ov7725_eagle_reg_init   0x00003453   0xb2  Code  Lc  VCAN_OV7725_Eagle.o [1]
ov7725_eagle_vsync      0x000033b1   0x4c  Code  Gb  VCAN_OV7725_Eagle.o [1]
pll_init                0x00002535   0xb2  Code  Gb  MK60_mcg.o [1]
port_init               0x00002a99   0x44  Code  Gb  MK60_port.o [1]
port_init_NoALT         0x00002add   0x62  Code  Gb  MK60_port.o [1]
printf                  0x00002d09   0x24  Code  Gb  printf.o [3]
putchar                 0x00003ea1    0xc  Code  Gb  putchar.o [3]
set_sys_dividers        0x1fff0e0d   0x50  Code  Gb  MK60_mcg.o [1]
set_vector_handler      0x0000396b   0x22  Code  Gb  misc.o [1]
st7735r_h               0x1fff0c64    0x2  Data  Gb  VCAN_LCD_ST7735R.o [1]
st7735r_w               0x1fff0c66    0x2  Data  Gb  VCAN_LCD_ST7735R.o [1]
start                   0x00003741   0x2e  Code  Gb  system_MK60DZ10.o [1]
start_check             0x00002bad   0x9a  Code  Gb  MK60_conf.o [1]
strchr                  0x0000102d         Code  Gb  strchr.o [5]
strlen                  0x00001045         Code  Gb  strlen.o [5]
sysinit                 0x0000376f   0x3c  Code  Gb  system_MK60DZ10.o [1]
systick_delay           0x00002d2d   0x36  Code  Gb  MK60_SysTick.o [1]
systick_delay_ms        0x00002d63   0x18  Code  Gb  MK60_SysTick.o [1]
uart_init               0x00002d91  0x214  Code  Gb  MK60_uart.o [1]
uart_putbuff            0x00002fbf   0x24  Code  Gb  MK60_uart.o [1]
uart_putchar            0x00002fa5   0x1a  Code  Gb  MK60_uart.o [1]
vcan_sendimg            0x000039ad   0x38  Code  Gb  VCAN_computer.o [1]
vector_str              0x1fff0410  0x708  Data  Gb  MK60_conf.o [1]
wdog_disable            0x00003881   0x16  Code  Gb  MK60_wdog.o [1]
wdog_unlock             0x00003897   0x20  Code  Lc  MK60_wdog.o [1]
write_vtor              0x00003949   0x22  Code  Gb  misc.o [1]


[1] = D:\信标对抗2018\山外k60\代码\1摄像头LCD上位机\Prj\IAR\FN15_Debug\Obj
[2] = command line
[3] = dl7M_tlf.a
[4] = m7M_tl.a
[5] = rt7M_tl.a

  11 358 bytes of readonly  code memory
     496 bytes of readwrite code memory
   4 880 bytes of readonly  data memory
   2 970 bytes of readwrite data memory

Errors: none
Warnings: none
